// Jest Snapshot v1, https://goo.gl/fbAQLP

exports[`Table Component Should match snapshot 1`] = `"<div class=\\"MuiPaper-root MuiPaper-elevation MuiPaper-rounded MuiPaper-elevation1 MuiTableContainer-root css-11xur9t-MuiPaper-root-MuiTableContainer-root\\"><table class=\\"MuiTable-root table css-rqglhn-MuiTable-root\\" aria-label=\\"caption table\\"><thead class=\\"MuiTableHead-root css-15wwp11-MuiTableHead-root\\"><tr class=\\"MuiTableRow-root MuiTableRow-head css-1q1u3t4-MuiTableRow-root\\"><th class=\\"MuiTableCell-root MuiTableCell-head MuiTableCell-sizeMedium css-1ygcj2i-MuiTableCell-root\\" scope=\\"col\\">Name</th><th class=\\"MuiTableCell-root MuiTableCell-head MuiTableCell-sizeMedium css-1ygcj2i-MuiTableCell-root\\" scope=\\"col\\">Gender</th><th class=\\"MuiTableCell-root MuiTableCell-head MuiTableCell-sizeMedium css-1ygcj2i-MuiTableCell-root\\" scope=\\"col\\">Birth</th><th class=\\"MuiTableCell-root MuiTableCell-head MuiTableCell-sizeMedium css-1ygcj2i-MuiTableCell-root\\" scope=\\"col\\">Actions</th></tr></thead><tbody class=\\"MuiTableBody-root css-apqrd9-MuiTableBody-root\\"></tbody></table></div>"`;

exports[`Table Component shoud return data null 1`] = `"<div class=\\"MuiPaper-root MuiPaper-elevation MuiPaper-rounded MuiPaper-elevation1 MuiTableContainer-root css-11xur9t-MuiPaper-root-MuiTableContainer-root\\"><table class=\\"MuiTable-root table css-rqglhn-MuiTable-root\\" aria-label=\\"caption table\\"><thead class=\\"MuiTableHead-root css-15wwp11-MuiTableHead-root\\"><tr class=\\"MuiTableRow-root MuiTableRow-head css-1q1u3t4-MuiTableRow-root\\"><th class=\\"MuiTableCell-root MuiTableCell-head MuiTableCell-sizeMedium css-1ygcj2i-MuiTableCell-root\\" scope=\\"col\\">Name</th><th class=\\"MuiTableCell-root MuiTableCell-head MuiTableCell-sizeMedium css-1ygcj2i-MuiTableCell-root\\" scope=\\"col\\">Gender</th><th class=\\"MuiTableCell-root MuiTableCell-head MuiTableCell-sizeMedium css-1ygcj2i-MuiTableCell-root\\" scope=\\"col\\">Birth</th><th class=\\"MuiTableCell-root MuiTableCell-head MuiTableCell-sizeMedium css-1ygcj2i-MuiTableCell-root\\" scope=\\"col\\">Actions</th></tr></thead><tbody class=\\"MuiTableBody-root css-apqrd9-MuiTableBody-root\\"></tbody></table></div>"`;
